[32m2025-11-05 10:22:04.161[0;39m [INFO] com.hexaware.restapi.ProductRestApiApplication [main] Starting ProductRestApiApplication using Java 21.0.6 with PID 14108 (D:\JA_FullStack2025_LocalRepo\MicroServices_Demos_Notes\product_rest_api\target\classes started by Dell in D:\JA_FullStack2025_LocalRepo\MicroServices_Demos_Notes\product_rest_api)
[32m2025-11-05 10:22:04.170[0;39m [INFO] com.hexaware.restapi.ProductRestApiApplication [main] No active profile set, falling back to 1 default profile: "default"
[32m2025-11-05 10:22:04.924[0;39m [INFO] org.springframework.data.repository.config.RepositoryConfigurationDelegate [main] Bootstrapping Spring Data JPA repositories in DEFAULT mode.
[32m2025-11-05 10:22:05.070[0;39m [INFO] org.springframework.data.repository.config.RepositoryConfigurationDelegate [main] Finished Spring Data repository scanning in 137 ms. Found 1 JPA repository interface.
[32m2025-11-05 10:22:05.552[0;39m [INFO] org.springframework.boot.web.embedded.tomcat.TomcatWebServer [main] Tomcat initialized with port(s): 8282 (http)
[32m2025-11-05 10:22:05.563[0;39m [INFO] org.apache.catalina.core.StandardService [main] Starting service [Tomcat]
[32m2025-11-05 10:22:05.564[0;39m [INFO] org.apache.catalina.core.StandardEngine [main] Starting Servlet engine: [Apache Tomcat/10.1.18]
[32m2025-11-05 10:22:05.670[0;39m [INFO] org.apache.catalina.core.ContainerBase.[Tomcat].[localhost].[/] [main] Initializing Spring embedded WebApplicationContext
[32m2025-11-05 10:22:05.670[0;39m [INFO] org.springframework.boot.web.servlet.context.ServletWebServerApplicationContext [main] Root WebApplicationContext: initialization completed in 1431 ms
[32m2025-11-05 10:22:05.815[0;39m [INFO] org.hibernate.jpa.internal.util.LogHelper [main] HHH000204: Processing PersistenceUnitInfo [name: default]
[32m2025-11-05 10:22:05.903[0;39m [INFO] org.hibernate.Version [main] HHH000412: Hibernate ORM core version 6.2.20.Final
[32m2025-11-05 10:22:05.905[0;39m [INFO] org.hibernate.cfg.Environment [main] HHH000406: Using bytecode reflection optimizer
[32m2025-11-05 10:22:06.222[0;39m [INFO] org.springframework.orm.jpa.persistenceunit.SpringPersistenceUnitInfo [main] No LoadTimeWeaver setup: ignoring JPA class transformer
[32m2025-11-05 10:22:06.246[0;39m [INFO] com.zaxxer.hikari.HikariDataSource [main] HikariPool-1 - Starting...
[32m2025-11-05 10:22:06.571[0;39m [INFO] com.zaxxer.hikari.pool.HikariPool [main] HikariPool-1 - Added connection com.mysql.cj.jdbc.ConnectionImpl@71a2df1
[32m2025-11-05 10:22:06.573[0;39m [INFO] com.zaxxer.hikari.HikariDataSource [main] HikariPool-1 - Start completed.
[32m2025-11-05 10:22:07.407[0;39m [INFO] org.hibernate.engine.transaction.jta.platform.internal.JtaPlatformInitiator [main] HHH000489: No JTA platform available (set 'hibernate.transaction.jta.platform' to enable JTA platform integration)
[32m2025-11-05 10:22:07.468[0;39m [INFO] org.springframework.orm.jpa.LocalContainerEntityManagerFactoryBean [main] Initialized JPA EntityManagerFactory for persistence unit 'default'
[32m2025-11-05 10:22:07.759[0;39m [WARN] org.springframework.boot.autoconfigure.orm.jpa.JpaBaseConfiguration$JpaWebConfiguration [main] spring.jpa.open-in-view is enabled by default. Therefore, database queries may be performed during view rendering. Explicitly configure spring.jpa.open-in-view to disable this warning
[32m2025-11-05 10:22:08.076[0;39m [INFO] org.springframework.boot.web.embedded.tomcat.TomcatWebServer [main] Tomcat started on port(s): 8282 (http) with context path ''
[32m2025-11-05 10:22:08.083[0;39m [INFO] com.hexaware.restapi.ProductRestApiApplication [main] Started ProductRestApiApplication in 4.412 seconds (process running for 5.118)
[32m2025-11-05 10:28:44.313[0;39m [INFO] org.springframework.boot.admin.SpringApplicationAdminMXBeanRegistrar$SpringApplicationAdmin [RMI TCP Connection(11)-127.0.0.1] Application shutdown requested.
[32m2025-11-05 10:28:44.322[0;39m [INFO] org.apache.catalina.core.StandardService [RMI TCP Connection(11)-127.0.0.1] Stopping service [Tomcat]
[32m2025-11-05 10:28:44.333[0;39m [INFO] org.springframework.orm.jpa.LocalContainerEntityManagerFactoryBean [RMI TCP Connection(11)-127.0.0.1] Closing JPA EntityManagerFactory for persistence unit 'default'
[32m2025-11-05 10:28:44.335[0;39m [INFO] com.zaxxer.hikari.HikariDataSource [RMI TCP Connection(11)-127.0.0.1] HikariPool-1 - Shutdown initiated...
[32m2025-11-05 10:28:44.343[0;39m [INFO] com.zaxxer.hikari.HikariDataSource [RMI TCP Connection(11)-127.0.0.1] HikariPool-1 - Shutdown completed.
[32m2025-11-05 10:28:46.477[0;39m [INFO] com.hexaware.restapi.ProductRestApiApplication [main] Starting ProductRestApiApplication using Java 21.0.6 with PID 7664 (D:\JA_FullStack2025_LocalRepo\MicroServices_Demos_Notes\product_rest_api\target\classes started by Dell in D:\JA_FullStack2025_LocalRepo\MicroServices_Demos_Notes\product_rest_api)
[32m2025-11-05 10:28:46.478[0;39m [INFO] com.hexaware.restapi.ProductRestApiApplication [main] No active profile set, falling back to 1 default profile: "default"
[32m2025-11-05 10:28:47.005[0;39m [INFO] org.springframework.data.repository.config.RepositoryConfigurationDelegate [main] Bootstrapping Spring Data JPA repositories in DEFAULT mode.
[32m2025-11-05 10:28:47.111[0;39m [INFO] org.springframework.data.repository.config.RepositoryConfigurationDelegate [main] Finished Spring Data repository scanning in 99 ms. Found 1 JPA repository interface.
[32m2025-11-05 10:28:47.483[0;39m [INFO] org.springframework.boot.web.embedded.tomcat.TomcatWebServer [main] Tomcat initialized with port(s): 8282 (http)
[32m2025-11-05 10:28:47.490[0;39m [INFO] org.apache.catalina.core.StandardService [main] Starting service [Tomcat]
[32m2025-11-05 10:28:47.491[0;39m [INFO] org.apache.catalina.core.StandardEngine [main] Starting Servlet engine: [Apache Tomcat/10.1.18]
[32m2025-11-05 10:28:47.585[0;39m [INFO] org.apache.catalina.core.ContainerBase.[Tomcat].[localhost].[/] [main] Initializing Spring embedded WebApplicationContext
[32m2025-11-05 10:28:47.585[0;39m [INFO] org.springframework.boot.web.servlet.context.ServletWebServerApplicationContext [main] Root WebApplicationContext: initialization completed in 1059 ms
[32m2025-11-05 10:28:47.693[0;39m [INFO] org.hibernate.jpa.internal.util.LogHelper [main] HHH000204: Processing PersistenceUnitInfo [name: default]
[32m2025-11-05 10:28:47.743[0;39m [INFO] org.hibernate.Version [main] HHH000412: Hibernate ORM core version 6.2.20.Final
[32m2025-11-05 10:28:47.745[0;39m [INFO] org.hibernate.cfg.Environment [main] HHH000406: Using bytecode reflection optimizer
[32m2025-11-05 10:28:47.985[0;39m [INFO] org.springframework.orm.jpa.persistenceunit.SpringPersistenceUnitInfo [main] No LoadTimeWeaver setup: ignoring JPA class transformer
[32m2025-11-05 10:28:48.007[0;39m [INFO] com.zaxxer.hikari.HikariDataSource [main] HikariPool-1 - Starting...
[32m2025-11-05 10:28:48.295[0;39m [INFO] com.zaxxer.hikari.pool.HikariPool [main] HikariPool-1 - Added connection com.mysql.cj.jdbc.ConnectionImpl@359865a2
[32m2025-11-05 10:28:48.297[0;39m [INFO] com.zaxxer.hikari.HikariDataSource [main] HikariPool-1 - Start completed.
[32m2025-11-05 10:28:49.006[0;39m [INFO] org.hibernate.engine.transaction.jta.platform.internal.JtaPlatformInitiator [main] HHH000489: No JTA platform available (set 'hibernate.transaction.jta.platform' to enable JTA platform integration)
[32m2025-11-05 10:28:49.059[0;39m [INFO] org.springframework.orm.jpa.LocalContainerEntityManagerFactoryBean [main] Initialized JPA EntityManagerFactory for persistence unit 'default'
[32m2025-11-05 10:28:49.258[0;39m [WARN] org.springframework.boot.autoconfigure.orm.jpa.JpaBaseConfiguration$JpaWebConfiguration [main] spring.jpa.open-in-view is enabled by default. Therefore, database queries may be performed during view rendering. Explicitly configure spring.jpa.open-in-view to disable this warning
[32m2025-11-05 10:28:49.537[0;39m [INFO] org.springframework.boot.web.embedded.tomcat.TomcatWebServer [main] Tomcat started on port(s): 8282 (http) with context path ''
[32m2025-11-05 10:28:49.545[0;39m [INFO] com.hexaware.restapi.ProductRestApiApplication [main] Started ProductRestApiApplication in 3.514 seconds (process running for 4.133)
[32m2025-11-05 10:35:22.326[0;39m [INFO] org.springframework.boot.admin.SpringApplicationAdminMXBeanRegistrar$SpringApplicationAdmin [RMI TCP Connection(10)-127.0.0.1] Application shutdown requested.
[32m2025-11-05 10:35:22.332[0;39m [INFO] org.apache.catalina.core.StandardService [RMI TCP Connection(10)-127.0.0.1] Stopping service [Tomcat]
[32m2025-11-05 10:35:22.341[0;39m [INFO] org.springframework.orm.jpa.LocalContainerEntityManagerFactoryBean [RMI TCP Connection(10)-127.0.0.1] Closing JPA EntityManagerFactory for persistence unit 'default'
[32m2025-11-05 10:35:22.343[0;39m [INFO] com.zaxxer.hikari.HikariDataSource [RMI TCP Connection(10)-127.0.0.1] HikariPool-1 - Shutdown initiated...
[32m2025-11-05 10:35:22.349[0;39m [INFO] com.zaxxer.hikari.HikariDataSource [RMI TCP Connection(10)-127.0.0.1] HikariPool-1 - Shutdown completed.
[32m2025-11-05 10:35:24.588[0;39m [INFO] com.hexaware.restapi.ProductRestApiApplication [main] Starting ProductRestApiApplication using Java 21.0.6 with PID 13456 (D:\JA_FullStack2025_LocalRepo\MicroServices_Demos_Notes\product_rest_api\target\classes started by Dell in D:\JA_FullStack2025_LocalRepo\MicroServices_Demos_Notes\product_rest_api)
[32m2025-11-05 10:35:24.590[0;39m [INFO] com.hexaware.restapi.ProductRestApiApplication [main] No active profile set, falling back to 1 default profile: "default"
[32m2025-11-05 10:35:25.125[0;39m [INFO] org.springframework.data.repository.config.RepositoryConfigurationDelegate [main] Bootstrapping Spring Data JPA repositories in DEFAULT mode.
[32m2025-11-05 10:35:25.231[0;39m [INFO] org.springframework.data.repository.config.RepositoryConfigurationDelegate [main] Finished Spring Data repository scanning in 99 ms. Found 1 JPA repository interface.
[32m2025-11-05 10:35:25.599[0;39m [INFO] org.springframework.boot.web.embedded.tomcat.TomcatWebServer [main] Tomcat initialized with port(s): 8282 (http)
[32m2025-11-05 10:35:25.606[0;39m [INFO] org.apache.catalina.core.StandardService [main] Starting service [Tomcat]
[32m2025-11-05 10:35:25.606[0;39m [INFO] org.apache.catalina.core.StandardEngine [main] Starting Servlet engine: [Apache Tomcat/10.1.18]
[32m2025-11-05 10:35:25.698[0;39m [INFO] org.apache.catalina.core.ContainerBase.[Tomcat].[localhost].[/] [main] Initializing Spring embedded WebApplicationContext
[32m2025-11-05 10:35:25.698[0;39m [INFO] org.springframework.boot.web.servlet.context.ServletWebServerApplicationContext [main] Root WebApplicationContext: initialization completed in 1060 ms
[32m2025-11-05 10:35:25.810[0;39m [INFO] org.hibernate.jpa.internal.util.LogHelper [main] HHH000204: Processing PersistenceUnitInfo [name: default]
[32m2025-11-05 10:35:25.851[0;39m [INFO] org.hibernate.Version [main] HHH000412: Hibernate ORM core version 6.2.20.Final
[32m2025-11-05 10:35:25.853[0;39m [INFO] org.hibernate.cfg.Environment [main] HHH000406: Using bytecode reflection optimizer
[32m2025-11-05 10:35:26.067[0;39m [INFO] org.springframework.orm.jpa.persistenceunit.SpringPersistenceUnitInfo [main] No LoadTimeWeaver setup: ignoring JPA class transformer
[32m2025-11-05 10:35:26.088[0;39m [INFO] com.zaxxer.hikari.HikariDataSource [main] HikariPool-1 - Starting...
[32m2025-11-05 10:35:26.381[0;39m [INFO] com.zaxxer.hikari.pool.HikariPool [main] HikariPool-1 - Added connection com.mysql.cj.jdbc.ConnectionImpl@4a520f05
[32m2025-11-05 10:35:26.383[0;39m [INFO] com.zaxxer.hikari.HikariDataSource [main] HikariPool-1 - Start completed.
[32m2025-11-05 10:35:27.116[0;39m [INFO] org.hibernate.engine.transaction.jta.platform.internal.JtaPlatformInitiator [main] HHH000489: No JTA platform available (set 'hibernate.transaction.jta.platform' to enable JTA platform integration)
[32m2025-11-05 10:35:27.169[0;39m [INFO] org.springframework.orm.jpa.LocalContainerEntityManagerFactoryBean [main] Initialized JPA EntityManagerFactory for persistence unit 'default'
[32m2025-11-05 10:35:27.379[0;39m [WARN] org.springframework.boot.autoconfigure.orm.jpa.JpaBaseConfiguration$JpaWebConfiguration [main] spring.jpa.open-in-view is enabled by default. Therefore, database queries may be performed during view rendering. Explicitly configure spring.jpa.open-in-view to disable this warning
[32m2025-11-05 10:35:27.648[0;39m [INFO] org.springframework.boot.web.embedded.tomcat.TomcatWebServer [main] Tomcat started on port(s): 8282 (http) with context path ''
[32m2025-11-05 10:35:27.656[0;39m [INFO] com.hexaware.restapi.ProductRestApiApplication [main] Started ProductRestApiApplication in 3.497 seconds (process running for 4.122)
[32m2025-11-05 10:48:34.462[0;39m [INFO] org.springframework.boot.admin.SpringApplicationAdminMXBeanRegistrar$SpringApplicationAdmin [RMI TCP Connection(15)-127.0.0.1] Application shutdown requested.
[32m2025-11-05 10:48:34.475[0;39m [INFO] org.apache.catalina.core.StandardService [RMI TCP Connection(15)-127.0.0.1] Stopping service [Tomcat]
[32m2025-11-05 10:48:34.482[0;39m [INFO] org.springframework.orm.jpa.LocalContainerEntityManagerFactoryBean [RMI TCP Connection(15)-127.0.0.1] Closing JPA EntityManagerFactory for persistence unit 'default'
[32m2025-11-05 10:48:34.484[0;39m [INFO] com.zaxxer.hikari.HikariDataSource [RMI TCP Connection(15)-127.0.0.1] HikariPool-1 - Shutdown initiated...
[32m2025-11-05 10:48:34.492[0;39m [INFO] com.zaxxer.hikari.HikariDataSource [RMI TCP Connection(15)-127.0.0.1] HikariPool-1 - Shutdown completed.
[32m2025-11-05 10:48:36.647[0;39m [INFO] com.hexaware.restapi.ProductRestApiApplication [main] Starting ProductRestApiApplication using Java 21.0.6 with PID 11664 (D:\JA_FullStack2025_LocalRepo\MicroServices_Demos_Notes\product_rest_api\target\classes started by Dell in D:\JA_FullStack2025_LocalRepo\MicroServices_Demos_Notes\product_rest_api)
[32m2025-11-05 10:48:36.650[0;39m [INFO] com.hexaware.restapi.ProductRestApiApplication [main] No active profile set, falling back to 1 default profile: "default"
[32m2025-11-05 10:48:37.234[0;39m [INFO] org.springframework.data.repository.config.RepositoryConfigurationDelegate [main] Bootstrapping Spring Data JPA repositories in DEFAULT mode.
[32m2025-11-05 10:48:37.342[0;39m [INFO] org.springframework.data.repository.config.RepositoryConfigurationDelegate [main] Finished Spring Data repository scanning in 102 ms. Found 1 JPA repository interface.
[32m2025-11-05 10:48:37.757[0;39m [INFO] org.springframework.boot.web.embedded.tomcat.TomcatWebServer [main] Tomcat initialized with port 8282 (http)
[32m2025-11-05 10:48:37.768[0;39m [INFO] org.apache.catalina.core.StandardService [main] Starting service [Tomcat]
[32m2025-11-05 10:48:37.768[0;39m [INFO] org.apache.catalina.core.StandardEngine [main] Starting Servlet engine: [Apache Tomcat/10.1.16]
[32m2025-11-05 10:48:37.829[0;39m [INFO] org.apache.catalina.core.ContainerBase.[Tomcat].[localhost].[/] [main] Initializing Spring embedded WebApplicationContext
[32m2025-11-05 10:48:37.829[0;39m [INFO] org.springframework.boot.web.servlet.context.ServletWebServerApplicationContext [main] Root WebApplicationContext: initialization completed in 1125 ms
[32m2025-11-05 10:48:37.940[0;39m [INFO] org.hibernate.jpa.internal.util.LogHelper [main] HHH000204: Processing PersistenceUnitInfo [name: default]
[32m2025-11-05 10:48:37.993[0;39m [INFO] org.hibernate.Version [main] HHH000412: Hibernate ORM core version 6.3.1.Final
[32m2025-11-05 10:48:38.035[0;39m [INFO] org.hibernate.cache.internal.RegionFactoryInitiator [main] HHH000026: Second-level cache disabled
[32m2025-11-05 10:48:38.231[0;39m [INFO] org.springframework.orm.jpa.persistenceunit.SpringPersistenceUnitInfo [main] No LoadTimeWeaver setup: ignoring JPA class transformer
[32m2025-11-05 10:48:38.251[0;39m [INFO] com.zaxxer.hikari.HikariDataSource [main] HikariPool-1 - Starting...
[32m2025-11-05 10:48:38.542[0;39m [INFO] com.zaxxer.hikari.pool.HikariPool [main] HikariPool-1 - Added connection com.mysql.cj.jdbc.ConnectionImpl@6814262d
[32m2025-11-05 10:48:38.544[0;39m [INFO] com.zaxxer.hikari.HikariDataSource [main] HikariPool-1 - Start completed.
[32m2025-11-05 10:48:39.272[0;39m [INFO] org.hibernate.engine.transaction.jta.platform.internal.JtaPlatformInitiator [main] HHH000489: No JTA platform available (set 'hibernate.transaction.jta.platform' to enable JTA platform integration)
[32m2025-11-05 10:48:39.319[0;39m [INFO] org.springframework.orm.jpa.LocalContainerEntityManagerFactoryBean [main] Initialized JPA EntityManagerFactory for persistence unit 'default'
[32m2025-11-05 10:48:39.546[0;39m [WARN] org.springframework.boot.autoconfigure.orm.jpa.JpaBaseConfiguration$JpaWebConfiguration [main] spring.jpa.open-in-view is enabled by default. Therefore, database queries may be performed during view rendering. Explicitly configure spring.jpa.open-in-view to disable this warning
[32m2025-11-05 10:48:39.851[0;39m [INFO] org.springframework.boot.web.embedded.tomcat.TomcatWebServer [main] Tomcat started on port 8282 (http) with context path ''
[32m2025-11-05 10:48:39.857[0;39m [INFO] com.hexaware.restapi.ProductRestApiApplication [main] Started ProductRestApiApplication in 3.66 seconds (process running for 4.247)
[32m2025-11-05 10:49:19.685[0;39m [INFO] org.springframework.boot.admin.SpringApplicationAdminMXBeanRegistrar$SpringApplicationAdmin [RMI TCP Connection(2)-127.0.0.1] Application shutdown requested.
[32m2025-11-05 10:49:19.692[0;39m [INFO] org.springframework.orm.jpa.LocalContainerEntityManagerFactoryBean [RMI TCP Connection(2)-127.0.0.1] Closing JPA EntityManagerFactory for persistence unit 'default'
[32m2025-11-05 10:49:19.693[0;39m [INFO] com.zaxxer.hikari.HikariDataSource [RMI TCP Connection(2)-127.0.0.1] HikariPool-1 - Shutdown initiated...
[32m2025-11-05 10:49:19.698[0;39m [INFO] com.zaxxer.hikari.HikariDataSource [RMI TCP Connection(2)-127.0.0.1] HikariPool-1 - Shutdown completed.
[32m2025-11-05 10:49:21.743[0;39m [INFO] com.hexaware.restapi.ProductRestApiApplication [main] Starting ProductRestApiApplication using Java 21.0.6 with PID 2524 (D:\JA_FullStack2025_LocalRepo\MicroServices_Demos_Notes\product_rest_api\target\classes started by Dell in D:\JA_FullStack2025_LocalRepo\MicroServices_Demos_Notes\product_rest_api)
[32m2025-11-05 10:49:21.744[0;39m [INFO] com.hexaware.restapi.ProductRestApiApplication [main] No active profile set, falling back to 1 default profile: "default"
[32m2025-11-05 10:49:22.343[0;39m [INFO] org.springframework.data.repository.config.RepositoryConfigurationDelegate [main] Bootstrapping Spring Data JPA repositories in DEFAULT mode.
[32m2025-11-05 10:49:22.452[0;39m [INFO] org.springframework.data.repository.config.RepositoryConfigurationDelegate [main] Finished Spring Data repository scanning in 103 ms. Found 1 JPA repository interface.
[32m2025-11-05 10:49:22.857[0;39m [INFO] org.springframework.boot.web.embedded.tomcat.TomcatWebServer [main] Tomcat initialized with port 8282 (http)
[32m2025-11-05 10:49:22.865[0;39m [INFO] org.apache.catalina.core.StandardService [main] Starting service [Tomcat]
[32m2025-11-05 10:49:22.865[0;39m [INFO] org.apache.catalina.core.StandardEngine [main] Starting Servlet engine: [Apache Tomcat/10.1.16]
[32m2025-11-05 10:49:22.916[0;39m [INFO] org.apache.catalina.core.ContainerBase.[Tomcat].[localhost].[/] [main] Initializing Spring embedded WebApplicationContext
[32m2025-11-05 10:49:22.917[0;39m [INFO] org.springframework.boot.web.servlet.context.ServletWebServerApplicationContext [main] Root WebApplicationContext: initialization completed in 1121 ms
[32m2025-11-05 10:49:23.038[0;39m [INFO] org.hibernate.jpa.internal.util.LogHelper [main] HHH000204: Processing PersistenceUnitInfo [name: default]
[32m2025-11-05 10:49:23.078[0;39m [INFO] org.hibernate.Version [main] HHH000412: Hibernate ORM core version 6.3.1.Final
[32m2025-11-05 10:49:23.121[0;39m [INFO] org.hibernate.cache.internal.RegionFactoryInitiator [main] HHH000026: Second-level cache disabled
[32m2025-11-05 10:49:23.296[0;39m [INFO] org.springframework.orm.jpa.persistenceunit.SpringPersistenceUnitInfo [main] No LoadTimeWeaver setup: ignoring JPA class transformer
[32m2025-11-05 10:49:23.314[0;39m [INFO] com.zaxxer.hikari.HikariDataSource [main] HikariPool-1 - Starting...
[32m2025-11-05 10:49:23.634[0;39m [INFO] com.zaxxer.hikari.pool.HikariPool [main] HikariPool-1 - Added connection com.mysql.cj.jdbc.ConnectionImpl@f3876ef
[32m2025-11-05 10:49:23.636[0;39m [INFO] com.zaxxer.hikari.HikariDataSource [main] HikariPool-1 - Start completed.
[32m2025-11-05 10:49:24.356[0;39m [INFO] org.hibernate.engine.transaction.jta.platform.internal.JtaPlatformInitiator [main] HHH000489: No JTA platform available (set 'hibernate.transaction.jta.platform' to enable JTA platform integration)
[32m2025-11-05 10:49:24.403[0;39m [INFO] org.springframework.orm.jpa.LocalContainerEntityManagerFactoryBean [main] Initialized JPA EntityManagerFactory for persistence unit 'default'
[32m2025-11-05 10:49:24.629[0;39m [WARN] org.springframework.boot.autoconfigure.orm.jpa.JpaBaseConfiguration$JpaWebConfiguration [main] spring.jpa.open-in-view is enabled by default. Therefore, database queries may be performed during view rendering. Explicitly configure spring.jpa.open-in-view to disable this warning
[32m2025-11-05 10:49:24.921[0;39m [INFO] org.springframework.boot.web.embedded.tomcat.TomcatWebServer [main] Tomcat started on port 8282 (http) with context path ''
[32m2025-11-05 10:49:24.928[0;39m [INFO] com.hexaware.restapi.ProductRestApiApplication [main] Started ProductRestApiApplication in 3.609 seconds (process running for 4.206)
[32m2025-11-05 10:50:06.216[0;39m [INFO] org.springframework.boot.admin.SpringApplicationAdminMXBeanRegistrar$SpringApplicationAdmin [RMI TCP Connection(4)-127.0.0.1] Application shutdown requested.
[32m2025-11-05 10:50:06.229[0;39m [INFO] org.springframework.orm.jpa.LocalContainerEntityManagerFactoryBean [RMI TCP Connection(4)-127.0.0.1] Closing JPA EntityManagerFactory for persistence unit 'default'
[32m2025-11-05 10:50:06.232[0;39m [INFO] com.zaxxer.hikari.HikariDataSource [RMI TCP Connection(4)-127.0.0.1] HikariPool-1 - Shutdown initiated...
[32m2025-11-05 10:50:06.240[0;39m [INFO] com.zaxxer.hikari.HikariDataSource [RMI TCP Connection(4)-127.0.0.1] HikariPool-1 - Shutdown completed.
[32m2025-11-05 10:50:08.537[0;39m [INFO] com.hexaware.restapi.ProductRestApiApplication [main] Starting ProductRestApiApplication using Java 21.0.6 with PID 7040 (D:\JA_FullStack2025_LocalRepo\MicroServices_Demos_Notes\product_rest_api\target\classes started by Dell in D:\JA_FullStack2025_LocalRepo\MicroServices_Demos_Notes\product_rest_api)
[32m2025-11-05 10:50:08.538[0;39m [INFO] com.hexaware.restapi.ProductRestApiApplication [main] No active profile set, falling back to 1 default profile: "default"
[32m2025-11-05 10:50:09.104[0;39m [INFO] org.springframework.data.repository.config.RepositoryConfigurationDelegate [main] Bootstrapping Spring Data JPA repositories in DEFAULT mode.
[32m2025-11-05 10:50:09.211[0;39m [INFO] org.springframework.data.repository.config.RepositoryConfigurationDelegate [main] Finished Spring Data repository scanning in 101 ms. Found 1 JPA repository interface.
[32m2025-11-05 10:50:09.595[0;39m [INFO] org.springframework.boot.web.embedded.tomcat.TomcatWebServer [main] Tomcat initialized with port 8282 (http)
[32m2025-11-05 10:50:09.603[0;39m [INFO] org.apache.catalina.core.StandardService [main] Starting service [Tomcat]
[32m2025-11-05 10:50:09.603[0;39m [INFO] org.apache.catalina.core.StandardEngine [main] Starting Servlet engine: [Apache Tomcat/10.1.16]
[32m2025-11-05 10:50:09.657[0;39m [INFO] org.apache.catalina.core.ContainerBase.[Tomcat].[localhost].[/] [main] Initializing Spring embedded WebApplicationContext
[32m2025-11-05 10:50:09.657[0;39m [INFO] org.springframework.boot.web.servlet.context.ServletWebServerApplicationContext [main] Root WebApplicationContext: initialization completed in 1074 ms
[32m2025-11-05 10:50:09.774[0;39m [INFO] org.hibernate.jpa.internal.util.LogHelper [main] HHH000204: Processing PersistenceUnitInfo [name: default]
[32m2025-11-05 10:50:09.814[0;39m [INFO] org.hibernate.Version [main] HHH000412: Hibernate ORM core version 6.3.1.Final
[32m2025-11-05 10:50:09.855[0;39m [INFO] org.hibernate.cache.internal.RegionFactoryInitiator [main] HHH000026: Second-level cache disabled
[32m2025-11-05 10:50:10.027[0;39m [INFO] org.springframework.orm.jpa.persistenceunit.SpringPersistenceUnitInfo [main] No LoadTimeWeaver setup: ignoring JPA class transformer
[32m2025-11-05 10:50:10.047[0;39m [INFO] com.zaxxer.hikari.HikariDataSource [main] HikariPool-1 - Starting...
[32m2025-11-05 10:50:10.323[0;39m [INFO] com.zaxxer.hikari.pool.HikariPool [main] HikariPool-1 - Added connection com.mysql.cj.jdbc.ConnectionImpl@f3876ef
[32m2025-11-05 10:50:10.324[0;39m [INFO] com.zaxxer.hikari.HikariDataSource [main] HikariPool-1 - Start completed.
[32m2025-11-05 10:50:11.030[0;39m [INFO] org.hibernate.engine.transaction.jta.platform.internal.JtaPlatformInitiator [main] HHH000489: No JTA platform available (set 'hibernate.transaction.jta.platform' to enable JTA platform integration)
[32m2025-11-05 10:50:11.076[0;39m [INFO] org.springframework.orm.jpa.LocalContainerEntityManagerFactoryBean [main] Initialized JPA EntityManagerFactory for persistence unit 'default'
[32m2025-11-05 10:50:11.314[0;39m [WARN] org.springframework.boot.autoconfigure.orm.jpa.JpaBaseConfiguration$JpaWebConfiguration [main] spring.jpa.open-in-view is enabled by default. Therefore, database queries may be performed during view rendering. Explicitly configure spring.jpa.open-in-view to disable this warning
[32m2025-11-05 10:50:11.610[0;39m [INFO] org.springframework.boot.web.embedded.tomcat.TomcatWebServer [main] Tomcat started on port 8282 (http) with context path ''
[32m2025-11-05 10:50:11.618[0;39m [INFO] com.hexaware.restapi.ProductRestApiApplication [main] Started ProductRestApiApplication in 3.504 seconds (process running for 4.09)
[32m2025-11-05 10:51:36.158[0;39m [INFO] org.springframework.boot.admin.SpringApplicationAdminMXBeanRegistrar$SpringApplicationAdmin [RMI TCP Connection(5)-127.0.0.1] Application shutdown requested.
[32m2025-11-05 10:51:36.172[0;39m [INFO] org.springframework.orm.jpa.LocalContainerEntityManagerFactoryBean [RMI TCP Connection(5)-127.0.0.1] Closing JPA EntityManagerFactory for persistence unit 'default'
[32m2025-11-05 10:51:36.175[0;39m [INFO] com.zaxxer.hikari.HikariDataSource [RMI TCP Connection(5)-127.0.0.1] HikariPool-1 - Shutdown initiated...
[32m2025-11-05 10:51:36.183[0;39m [INFO] com.zaxxer.hikari.HikariDataSource [RMI TCP Connection(5)-127.0.0.1] HikariPool-1 - Shutdown completed.
